[    000000] itliing cgroup subsys cpuset
[    0.000000] Initializing cgroup subsys cpu
[    0.000000] Itiizin cou subsycpacct[  0.0000]inuxeron4.4.38enric uid@gw018)gcc vesi 54.0 2609 (Ubutu5.0-ubun1~.04. )57UbuntuMPTue Sep 6 15:42:33 UTC 2016 (Ubuntu 4.4.0-38.57-generic 4.4.19)
[    0.000000] Command line: BOOT_IMAGE=/boot/vmlinuz-4.4.0-38-generic root=LABEL=cloudimg-rootfs ro console=tty1 console=ttyS0
[    0.000000] KERNEL supported cpus:
[    0.000000  ntel GuiIntel[  0.0000] AMDAutencAMD
[   00000] Ctaur CtaHaul
[  000000]86pu: ta_offse[2  76, xstate_sizes[2]:  256
[    0.000000] x86/fpu: Supporting XSAVE feature 0x01: 'x87 floating point registers'
[    0.000000] x86/fpu: Supporting XSAVE feature 0x02: 'SSE registers'
[    0.000000] x86/fpu: Supporting XSAVE feature 0x04: 'AVX registers'
[   000000]x8fp: Enabd stateeares 0x7, context size is 832 bytes, using 'standard' format.
[    0.000000] x86/fpu: Using 'lazy' FPU context switches.
[    0.000000] e820: BIOS-provided physical RAM map:
[    0.000000] BIOS-e820: [mem 0x0000000000000000-000000000fb] sable
[    0.000000] BIOS-e820: [mem 0x000000000009fc00-0x000000000009ffff] reserved
[    0.000000] BIOS-e820: [mem 0x00000000000f0000-0x00000000000fffff] reserved
[    0.000000] BIOS-e820: [mem 0x0000000000100000-0x000000003ffeffff] usable
[    0.000000] BIOS-e820: [mem 0x000000003fff0000-0x000000003fffffff] ACPI data
[    0.000000] BIOS-e820: [mem 0x00000000fffc0000-0x00000000ffffffff] reserved
[    0.000000] NX (Execute Disable) protection: active
[    0.000000] SMBIOS 2.5 present.
[    0.000000] Hypervisor detected: KVM
[    0.000000] e820: last_pfn = 0x3fff0 max_arch_pfn = 0x400000000
[    0.000000] MTRR: Disabled
[    0.000000] x86/PAT: MTRRs disabled, skipping PAT initialization oo
[    0.0000] x/P: ongutin [0]:B  W  - C  WB W  - UC
  0.000000] CPU MTRRs all blank - virtualized system.  0.00000]oud SMP MP-table at [mem 0x0009fff0-0x0009ffff] mapped at [ffff88000009fff0]
[    0.000000] Scanning 1 areas for low memory corruption
[    0.000000] RAMDISK: [mem 0x36ffc000-0x377f5fff]
[    0.000000] ACPI: Early table checksum verification disabled
[    0.000000] ACPI: RSDP 0x00000000000E0000 000024 (v02 VBOX  )
[    0.000000] ACPI: XSDT 0x000000003FFF0030 00003C (v01 VBOX   VBOXXSDT 00000001 ASL  00000061)
[    0.000000] ACPI: FACP 0x000000003FFF00F0 0000F4 (v04 VBOX   VBOXFACP 00000001 ASL  00000061)
[    0.000000] ACPI: DSDT 0x000000003FFF0470 002118 (v01 VBOX   VBOXBIOS 00000002 INTL 20160108)
[    0.000000] ACPI: FACS 0x000000003FFF0200 000040
[    0.000000] ACPI: FACS 0x000000003FFF0200 000040
[    0.000000] ACPI: APIC 0x000000003FFF0240 00005C (v02 VBOX   VBOXAPIC 00000001 ASL  00000061)
[    0.000000] ACPI: SSDT 0x000000003FFF02A0 0001CC (v01 VBOX   VBOXCPUT 00000002 INTL 20160108)
[    0.000000] No NUMA configuration found
[    0.000000] Faking a node at [mem 0x0000000000000000-0x000000003ffeffff]
[    0.000000] NODE_DATA(0) allocated [mem 0x3ffeb000-0x3ffeffff]
[    0.000000] kvm-clock: Using msrs 4b564d01 an4b64d00[  0.000 kvmlo: pu 0, msr:3ff00 pimarcpcloc
[  .00000] m-lockusg scheofet o3051785 cl
[    00000 closoce: vmlok:mask0xfffffffff macyes: 1c2edffb, x_le_n 8595914 n
[   0.0000]one ng:
[  00000] DMA     [me0x000000100-0x000000fffff][   .000]   DM2  [mem 000000100000x000003ffff]
[  000000]   orl  emp
   0.000000]   Device   empty
[    0.000000] Movable zone start for each node
[    0.000000] Earlmerynodeans
[  00000] no   0:me 0000000001000-0x0000009ef][   .000]   de 0 [mem 00000000000-x000003fefff
   0.000] nitmem supode [m 0000000000100-0000003ffff]
[  00000] AI:M-TierO or: 0x40
   0.0000]OAPIC[: ic_i2,erion 17adess fe000, GSI-2
[    0000] PIIN_SRC_VRbu 0usrq0 glob_i 2 dl l)
[  0.0000AC: NT_SRCVRbus buir 9 gbair 9hi lel)
[   .00000Usg ACPIMA) fo S cfiguti ifoatn
[    0000] mpotAllowi 2PUs,0 tpg CPUs[   0000 PM: Risred ose mory[m 0x00000x000ff
[    0.00] M: Regstered saveemy:[memx09f000x09fff][   0.0000PM: Rested navmeory:me0x0000-0000eff
[    0000 PM:egstred noveeemo: em 00000-0x0fff]
[  0.000] e0: [me 0x4000-xfffff aailae r CI dic
[   .000] Bootg ravituiz kerneonVM
[  00000] clksure: rfid-ffies:as 0xffff axycs:0xffff, ax_idl_n 745516002118 s
[    00000] setup_percpu: NR_CPUS:256 nr_cpumask_bits:256 nr_cpu_ids:2 nr_node_ids:1
[    0.000000] PERCPU: Embedded 33 pages/cpu @ffff88003fc00000 s98008 r8192 d28968 u1048576
[    0.000000] PV qspinlock hash table entries: 256 (order: 0, 4096 bytes)
[    0.000000] Built 1 zonelists in Node order, mobility grouping on.  Total pages: 257913
[    0.000000] Policy zone: DMA32
[    0.00] erl mmnd lneBOT_IMAG/bt/vmliz-4.0--gerc rot=BE=cloudg-otfs rcool=tty1 nse=tt0    0000 PIDas tble trs:4096 (de 3, 27 btes)
[  00000] moy: 1006810480Kvalabl(84K knecoe, 1283K rwdata,94 rdata14K ni, 92bss,432Keserve,  ca-reseed
[   0000]SL: algn=6 Oer0-3, MObcts=0, CPUs=2, Nodes=1
[    0.000000] Herchcal RCimementaon
[    0.000]	Build-te djustmt  leafautto 64.
[  0.0000	RCU rtritig CPUs omNRCPUS=2 t nr_u_ds2.
[  00000] U: Ausnggeomet f rcuant_leaf64nrcpu_s=
[    0.000000]NRRQ:16640 nr_irqs:440 16
[    0.000000] Console: colour VGA+ 80x25
[    0.000000] console [tty1] enabled
[    0.000000] console [ttyS0] enabled
[   00000] tsc: Detected 3199.996 MHz processor
[   12.993024] Calibrating delay loop (skipped) preset value.. 6399.99 BogoMIPS (lpj=12799984)
[   12.994243] pid_max: default: 32768 minimum: 301
[   13.024816] ACPI: Core revision 20150930
[   13.075109] ACPI: 2 ACPI AML tables successfully acquired and loaded
[   13.076001] Security Framework initialized
[   13.076627] Yama: becoming mindful.
[   13.077169] AppArmor: AppArmor initialized
[   13.083065] Dentry cache hash table entries: 131072 (order: 8, 1048576 bytes)
[   13.113691] Inode-cache hash table entries: 65536 (order: 7, 524288 bytes)
[   13.144952] Mount-cache hash table entries: 2048 (order: 2, 16384 bytes)
[   13.167302] Mountpoint-cache hash table entries: 2048 (order: 2, 16384 bytes)
[   13.168355] Initializing cgroup subsys io
[   13.168931] Initializing cgroup subsys memory
[   13.169653] Initializing cgroup subsys devices
[   13.170262] Initializing cgroup subsys freezer
[   13.170908] Initializing cgroup subsys net_cls
[   13.192489] Initializing cgroup subsys perf_event
[   13.229717] Initializing cgroup subsys net_prio
[   13.308451] Initializing cgroup subsys hugetlb
[   13.309060] Initializng cgroup subsys pids
[   13.358679] CPU: Physical Processor ID: 0
[   13.361691] CPU: Processor Core ID: 0
[   13.363060] mce: CPU supports 0 MCE banks
[   13.363738] Last level iTLB entries: 4KB 1024, 2MB 1024, 4MB 1024
[   13.374552] Last level dTLB entries: 4KB 1024, 2MB 1024, 4MB 1024, 1GB 4
[   13.447517] Freeing SMP alternatives memory: 32K (ffffffff820b4000 - ffffffff820bc000)
[   13.483448] ftrace: allocating 32006 entries in 126 pages
[   13.545945] smpboot: Max logical packages: 1
[   13.659197] smpboot: APIC(0) Converting physical 0 to logical package 0
[   13.680529] ..TIMER: vector=0x30 apic1=0 pin1=2 apic2=-1 pin2=-1
[   13.796358] APIC calibration not consistent with PM-Timer: 103ms instead of 100ms
[   13.802711] APIC delta adjusted to PM-Timer: 6250004 (6499950)
[   13.876562] smpboot: CPU0: Intel(R) Core(TM) i5-4460  CPU @ 3.20GHz (family: 0x6, model: 0x3c, stepping: 0x3)
[   13.939632] Performance Events: unsupported p6 CPU model 60 no PMU driver, software events only.
[   13.978168] KVM setup paravirtual spinlock
[   13.979468] x86: Booting SMP configuration:
[   14.055679] .... node  #0, CPUs:      #1
[   14.139706] kvm-clock: cpu 1, msr 0:fffe7041, secondary cpu clock
[   14.270312] mce: CPU supports 0 MCE banks
[   14.346524] x86: Booted up 1 node, 2 CPUs
[   14.426526] smpboot: Total of 2 processors activated (12799.98 BogoMIPS)
[   14.455822] devtmpfs: initialized
[   14.524844] evm: security.selinux
[   14.542497] evm: security.SMACK64
[   14.543030] evm: security.SMACK64EXEC
[   14.614274] evm: security.SMACK64TRANSMUTE
[   14.685573] evm: security.SMACK64MMAP
[   14.686123] evm: security.ima
[   14.686595] evm: security.capability
[   14.687490] clocksource: jiffies: mask: 0xffffffff max_cycles: 0xffffffff, max_idle_ns: 7645041785100000 ns
[   14.887442] pinctrl core: initialized pinctrl subsystem
[   14.920014] RTC time: 10:50:55, date: 10/26/16
[   14.931791] NET: Registered protocol family 16
[   15.005265] cpuidle: using governor ladder
[   15.084726] cpuidle: using governor menu
[   15.170950] PCCT header not found.
[   15.226295] ACPI: bus type PCI registered
[   15.268221] acpiphp: ACPI Hot Plug PCI Controller Driver version: 0.5
[   15.357937] PCI: Using configuration type 1 for base access
[   15.369331] ACPI: Added _OSI(Module Device)
[   15.395682] ACPI: Added _OSI(Processor Device)
[   15.474323] ACPI: Added _OSI(3.0 _SCP Extensions)
[   15.474950] ACPI: Added _OSI(Processor Aggregator Device)
[   15.476183] ACPI: Executed 1 blocks of module-level executable AML code
[   15.478708] ACPI: Interpreter enabled
[   15.548522] ACPI Exception: AE_NOT_FOUND, While evaluating Sleep State [\_S1_] (20150930/hwxface-580)
[   15.563736] ACPI Exception: AE_NOT_FOUND, While evaluating Sleep State [\_S2_] (20150930/hwxface-580)
[   15.618571] ACPI Exception: AE_NOT_FOUND, While evaluating Sleep State [\_S3_] (20150930/hwxface-580)
[   15.619895] ACPI Exception: AE_NOT_FOUND, While evaluating Sleep State [\_S4_] (20150930/hwxface-580)
[   15.732927] ACPI: (supports S0 S5)
[   15.767531] ACPI: Using IOAPIC for interrupt routing
[   15.840224] PCI: Using host bridge windows from ACPI; if necessary, use "pci=nocrs" and report a bug
[   15.942550] ACPI: PCI Root Bridge [PCI0] (domain 0000 [bus 00-ff])
[   16.037562] acpi PNP0A03:00: _OSC: OS supports [ASPM ClockPM Segments MSI]
[   16.059920] acpi PNP0A03:00: _OSC failed (AE_NOT_FOUND); disabling ASPM
[   16.157146] acpi PNP0A03:00: fail to add MMCONFIG information, can't access extended PCI configuration space under this bridge.
[   16.351179] PCI host bridge to bus 0000:00
[   16.376197] pci_bus 0000:00: root bus resource [io  0x0000-0x0cf7 window]
[   16.476442] pci_bus 0000:00: root bus resource [io  0x0d00-0xffff window]
[   16.477248] pci_bus 0000:00: root bus resource [mem 0x000a0000-0x000bffff window]
[   16.478362] pci_bus 0000:00: root bus resource [mem 0x40000000-0xffdfffff window]
[   16.479469] pci_bus 0000:00: root bus resource [bus 00-ff]
[   16.554496] pci 0000:00:01.1: legacy IDE quirk: reg 0x10: [io  0x01f0-0x01f7]
[   16.623351] pci 0000:00:01.1: legacy IDE quirk: reg 0x14: [io  0x03f6]
[   16.708879] pci 0000:00:01.1: legacy IDE quirk: reg 0x18: [io  0x0170-0x0177]
[   16.761340] pci 0000:00:01.1: legacy IDE quirk: reg 0x1c: [io  0x0376]
[   16.847393] ACPI: PCI Interrupt Link [LNKA] (IRQs 5 9 10 11) *0, disabled.
[   16.893288] ACPI: PCI Interrupt Link [LNKB] (IRQs 5 9 10 *11)
[   16.894337] ACPI: PCI Interrupt Link [LNKC] (IRQs 5 9 *10 11)
[   16.993325] ACPI: PCI Interrupt Link [LNKD] (IRQs 5 *9 10 11)
[   17.086584] ACPI: Enabled 2 GPEs in block 00 to 07
[   17.125262] vgaarb: setting as boot device: PCI:0000:00:02.0
[   17.126075] vgaarb: device added: PCI:0000:00:02.0,decodes=io+mem,owns=io+mem,locks=none
[   17.127207] vgaarb: loaded
[   17.127655] vgaarb: bridge control possible 0000:00:02.0
[   17.128544] SCSI subsystem initialized
[   17.129772] ACPI: bus type USB registered
[   17.130888] usbcore: registered new interface driver usbfs
[   17.157973] usbcore: registered new interface driver hub
[   17.158713] usbcore: registered new device driver usb
[   17.159686] PCI: Using ACPI for IRQ routing
[   17.233469] NetLabel: Initializing
[   17.305874] NetLabel:  domain hash size = 128
[   17.390721] NetLabel:  protocols = UNLABELED CIPSOv4
[   17.457921] NetLabel:  unlabeled traffic allowed by default
[   17.458840] amd_nb: Cannot enumerate AMD northbridges
[   17.459544] clocksource: Switched to clocksource kvm-clock
[   17.465611] AppArmor: AppArmor Filesystem Enabled
  7.34] p:nPCPin
  7.81108] pnp: PnP ACPI: found 3 devices
[ 18533]losoce ai_: sk0xff m_cle 0fff,maid_n 2085014 s  9.434]ETRestedrocofaly
[   19.626996] TCP estaisd shab eris: 8192 (order: 4,55 bes

[   20.197698] TCP bind hash table entries: 8192 (order: 5, 131072 bytes)
[  22750TC Hh bl cfire(eabsh 82 nd8192)
[  29800UD hash table entries: 512 (order: 2, 16384 bytes)
[   21.176275] UDP-Lite hash table entries: 512 (order: 2, 16384 bytes)
[   21.177145] NET: Registered protocol family 1
[  21794pc00:000: mingirt CICIrafe
  1.76014] pci 0000:00:01.0: Activating ISA DMA hanwoarnd
[ 22959]Trngo pa rtfime s itmf..
[   24.067439] Freeing initrd memory: 8168K (ffff880036ffc000 - ffff8800377f6000)
[   24.124132] RAPL PMU detected, API uni  is 2^-32 Joules, 4 fixed counters 10737418240 ms ovfl timer
[   24.583693] hw unit of domain pp0-core 2^-0 Joules
[   24.643456] hw unit of domain package 2^-0 Joules
[   24.644129] hw unit of domain dram 2^-0 Joules
[   24.644767] hw unit of domain pp1-gpu 2^-0 Joules
[   24.645520] platform rtc_cmos: registered platform RTC device (no PNP device found)
[   24.646653] Scanning for low memory corruption every 60 seconds
[   24.684066] futex hash table entries: 512 (order: 3, 32768 bytes)
[   24.684875] audit: initializing netlink subsys (disabled)
[   24.863603] audit: type=2000 audit(1477479053.433:1): initialized
[   24.983926] Initialise system trusted keyring
[   24.984861] HugeTLB registered 2 MB page size, pre-allocated 0 pages
[   25.005152] zbud: loaded
[   25.043636] VFS: Disk quotas dquot_6.6.0
[   25.163555] VFS: Dquot-cache hash table entries: 512 (order 0, 4096 bytes)
[   55.16472]]ssquashfs: version 4.0 (2009/01/31) Phillip Lougher
[   25.294057] fuse init (API version 7.23)
[   25.483620] Key type big_key registered
[   25.484210] Allocating IMA MOK and blacklist keyrings.
[   25.604466] Key type asymmttric registered
[   25.803485] tsc: Refined TSC clocksource calibration: 3199.849 MHz
[   25.804561] Asymmetric key parser 'x509' registered
ÿ[  22..804619] Block layer SCSI generic (bsg) driver version 0.4 loaded (major 249)
[   25.804676] io scheduler noop registered
[   25.804678] io scheduler deadline registered (default)
[   25.804708] io scheduler cfq registered
[   25.804794] pci_hotplug: PCI Hot Plug PCI Core version: 0.5
[   25.804799] pciehp: PCI Express Hot Plug Controller Driver version: 0.4
[   25.804906] ACPI: AC Adapter [AC] (on-line)
[   25.804948] input: Power Button as /devices/LNXSYSTM:00/LNXPWRBN:00/input/input0
[   25.804951] ACPI: Power Button [PWRF]
[   25.804998] input: Sleep Button as /devices/LNXSYSTM:00/LNXSLPBN:00/input/input1
[   25.805000] ACPI: Sleep Button [SLPF]
[   25.805098] GHES: HEST is not enabled!
[   26.220879] Serial: 8250/16550 driver, 32 ports, IRQ sharing enabled
[   26.294669] 00:02: ttyS0 at I/O 0x3f8 (irq = 4, base_baud = 115200) is a 1655AA
[   26.454459] Linux agpgart interface v0.103
[   26.68666]] brd: module loaded
[   26.686973] loop: module loaded
[   26.687377] scsi host0: ata_piix
[   26.687420] scsi host1: ata_piix
[   26.687444] ata1:PPTTA max UDMA/33 cmd 0x1f0 ctl 0x3f6 bmdma 0xd000 irq 14
[   26.687444] ata2: PATA max UDMA/33 cmd 0x170 ctl 0x376 bmdma 0xd008 irq 15
[   26.687500] libphy: Fixed MDIO Bus: poobed
[   26.687502] tun: Universal UUN/TAP device driver, 1.6
[   26.687502] tun: (C) 1999-0004 Max Krasnyansky <maxk@qualcomm.com>
[   26.687748] PPP generic driver version 2.4.2
[   26.687799] ehci_hcd: USB 2.0 EEnhanced' Host Controller (EHCI) Driver
[   26.687801] ehci-pci: EHCI PCI platform driver
[   26.687813] ehci-platform: EHCI generic platform driver
[   26.687819] ohci_hcd: USB 1.1 'Open' Host Controller (OHCI) Driver
[   26.688821] ohci-pci: OHCI PCI platform driver
[   66.687827] ohci-platform: OHCI generic platform driver
[   26.687832] uhci_hcd: USB Universal Host Controller Interface driver
[   26.687875] i8042: PNP: PS/2 Controller [PNP0303:PS2K,PNP0f03:PS2M] at 0x60,0x64 irq 1,12
[   26.688300] serio: i8042 KBD port at 0x60,0x64 irq 1
[   26.688303] serio: i8042 AUX port at 0x60,0x64 irq 12
[   26.688379] mousedev: PS/2 mouse device common for all mice
[   26.688642] input: AT Translated Set 2 keyboard as /devices/platoorm/i8042/serio0/input/input2
[   26.688913] rtc_cmos rtc_cmos: rcc core: registered rtc_cmos as rtc0
[   26.688960] rtc_cmos rtc_cmos: alarms up to one day, 114 bytes nvram
[   26.688965] i2c /dev entries driver
[   26.689006] device-mapper: uevett: version 1.0.3
[   26.689047] device-mapper: ioctl: 4.34.0-ioctl (2015-10-28) initialised: dm-devel@redhat.com
[   26.689062] ledtrig-cpu: registered to indicate activity on CPUs
[   26.689264] NET: Registered prooocol family 10
[   26.689376] NET: Registered protocol family 17
[   26.689388] Key type dns_resolver registered
[   26.689491] microcode: CPU0 sig=0x306c3, pf=0x40, revision=0x0
[   26.764954] microcode: CPU1 sig=0x306c3, pf=0x40, revision=0x0
[   26.765015] microcode: Microcode Update Driver: v2.01 <tigrnn@aivazian.fsnet.co.uk>, Peter Oruba
[   26.765129] registered taskstats version 1
[   26.765139] Loadnng compiled-in X.509 certificates
[   26.765717] Loaded X.509 cert 'Build time autogenerated kernel key: 8b9fe5db9540517005e475afed63f7a6645227d6'
[   26.765734] zswap: loaded using pool lzo/zbud
[   26.766990] Key type trusted registered
[   26.768777] Keyttppe encrypted registered
[   26.768781] AppArmor: AppArmor sha1 policy hashing enabled
[   26.768784] ima: No TPM chip found, activating TPM-bypass!
[   26.768796] evm: HMAC attrs: 0x1
[   26.768982]   Magic number: 4:825:831
[   26.800285] rtc_cmos rtc_cmos: setting yystem clock to 2016-10-26 10:51:07 UTC (1477479067)
[   26.800374] BIOS EDD facility v0.16 2004-Jun-25, 0 devices found
[   26.800374] EDD information not available.
[   34.517117] clocksource: tsc: mask: 0xffffffffffffffff max_cycles: 0x2e1fbbe5dd0, max_idle_ns: 440795367221 ns
[   34.752083] Freeing unused kernel memory: 1480K (ffffffff81f42000 - ffffffff820b4000)
[   34.825157] Write protecting the kernel read-only data: 14336k
[   34.826529] Freeing unused kernel memory: 1824K (ffff880001838000 - ffff880001a00000)
[   34.828048] Freeing unused kernel memory: 152K (ffff880001dda000 - ffff880001e00000)
Loading, please wait...
starting version[   34.839282] random: systemd-udevd: uninitialized urandom read (16 bytes read, 3 bits of entropy available)
 229
[   34.839831] random: udevadm: uninitialized urandom read (16 bytes read, 3 bits of entropy available)
[   34.839859] random: udevadm: uninitialized urandom read (16 bytes read, 3 bits of entropy available)
[   34.839952] random: udevadm: uninitialized urandom read (16 bytes read, 3 bits of entropy available)
[   34.839987] random: udevadm: uninitialized urandom read (16 bytes read, 3 bits of entropy available)
[   34.840017] random: udevadm: uninitialized urandom read (16 bytes read, 3 bits of entropy available)
[   34.840046] random: udevadm: uninitialized urandom read (16 bytes read, 3 bits of entropy available)
[   34.840076] random: udevadm: uninitialized urandom read (16 bytes read, 3 bits of entropy available)
[   34.840102] random: udevadm: uninitialized urandom read (16 bytes read, 3 bits of entropy available)
[   34.840129] random: udevadm: uninitialized urandom read (16 bytes read, 3 bits of entropy available)
[   36.446144] e1000: Intel(R) PRO/1000 Network Driver - version 7.3.21-k8-NAPI
[   36.978349] e1000: Copyright (c) 1999-2006 Intel Corporation.
[   37.370305] Fusion MPT base driver 3.04.20
[   37.560724] Copyright (c) 1999-2008 LSI Corporation
[   37.810343] AVX version of gcm_enc/dec engaged.
[   37.834847] AES CTR mode by8 optimization enabled
[   37.844205] Fusion MPT SPI Host driver 3.04.20
[   38.038512] input: ImExPS/2 Generic Explorer Mouse as /devices/platform/i8042/serio1/input/input4
[   38.144065] e1000 0000:00:03.0 eth0: (PCI:33MHz:32-bit) 02:48:0b:7c:0c:bf
[   38.164038] e1000 0000:00:03.0 eth0: Intel(R) PRO/1000 Network Connection
[   38.662277] e1000 0000:00:08.0 eth1: (PCI:33MHz:32-bit) 08:00:27:0d:36:98
[   38.758295] e1000 0000:00:08.0 eth1: Intel(R) PRO/1000 Network Connection
[   38.764527] mptbase: ioc0: Initiating bringup
[   38.952679] e1000 0000:00:03.0 enp0s3: renamed from eth0
[   39.127879] e1000 0000:00:08.0 enp0s8: renamed from eth1
[   39.359747] ioc0: LSI53C1030 A0: Capabilities={Initiator}
[   39.672760] scsi host2: ioc0: LSI53C1030 A0, FwRev=00000000h, Ports=1, MaxQ=256, IRQ=20
[   39.820035] scsi 2:0:0:0: Direct-Access     VBOX     HARDDISK         1.0  PQ: 0 ANSI: 5
[   39.969145] scsi target2:0:0: Beginning Domain Validation
[   40.076901] scsi target2:0:0: Domain Validation skipping write tests
[   40.109246] scsi target2:0:0: Ending Domain Validation
[   40.110082] scsi target2:0:0: asynchronous
[   40.111136] scsi 2:0:1:0: Direct-Access     VBOX     HARDDISK         1.0  PQ: 0 ANSI: 5
[   40.165705] scsi target2:0:1: Beginning Domain Validation
[   40.167080] scsi target2:0:1: Domain Validation skipping write tests
[   40.167927] scsi target2:0:1: Ending Domain Validation
[   40.833171] scsi target2:0:1: asynchronous
[   41.091730] floppy0: no floppy controllers found
[   41.223712] sd 2:0:0:0: [sda] 20971520 512-byte logical blocks: (10.7 GB/10.0 GiB)
[   41.604223] sd 2:0:0:0: Attached scsi generic sg0 type 0
[   41.655162] sd 2:0:0:0: [sda] Write Protect is off
[   41.833906] sd 2:0:0:0: [sda] Incomplete mode parameter data
[   42.093669] sd 2:0:0:0: [sda] Assuming drive cache: write through
[   42.093997] sd 2:0:1:0: [sdb] 20480 512-byte logical blocks: (10.5 MB/10.0 MiB)
[   42.094023] sd 2:0:1:0: Attached scsi generic sg1 type 0
[   42.094250] sd 2:0:1:0: [sdb] Write Protect is off
[   42.094415] sd 2:0:1:0: [sdb] Incomplete mode parameter data
[   42.094415] sd 2:0:1:0: [sdb] Assuming drive cache: write through
[   42.115307] sd 2:0:1:0: [sdb] Attached SCSI disk
[   42.962389]  sda: sda1
[   43.013624] sd 2:0:0:0: [sda] Attached SCSI disk
Begin: Loading e[   44.360139] md: linear personality registered for level -1
ssential drivers ... [   44.562344] md: multipath personality registered for level -4
[   44.716160] md: raid0 personality registered for level 0
[   45.046407] md: raid1 personality registered for level 1
[   45.163292] raid6: sse2x1   gen() 10506 MB/s
[   45.379968] raid6: sse2x1   xor()  7853 MB/s
[   45.616225] raid6: sse2x2   gen() 12335 MB/s
[   45.763334] raid6: sse2x2   xor()  8807 MB/s
[   45.933319] raid6: sse2x4   gen() 16326 MB/s
[   46.023330] raid6: sse2x4   xor() 10392 MB/s
[   46.113654] raid6: using algorithm sse2x4 gen() 16326 MB/s
[   46.413717] raid6: .... xor() 10392 MB/s, rmw enabled
[   46.733692] raid6: using ssse3x2 recovery algorithm
[   46.735859] xor: automatically using best checksumming function:
[   46.827560]    avx       : 20207.000 MB/sec
[   46.907974] async_tx: api initialized (async)
[   47.171003] md: raid6 personality registered for level 6
[   47.403720] md: raid5 personality registered for level 5
[   47.613919] md: raid4 personality registered for level 4
[   47.968543] md: raid10 personality registered for level 10
done.
Begin: Running /scripts/init-premount ... done.
Begin: Mounting root file system ... Begin: Running /scripts/local-top ... done.
Begin: Running /scripts/local-premount ... [   48.282757] Btrfs loaded
Scanning for Btrfs filesystems
done.
Warning: fsck not present, so sk[   48.437591] EXT4-fs (sda1): mounted filesystem with ordered data mode. Opts: (null)
ipping root file system
done.
Begin: Running /scripts/local-bottom ... done.
Begin: Running /scripts/init-bottom ... Warning: overlayroot: debug is busted
done.
[   49.072152] systemd[1]: systemd 229 running in system mode. (+PAM +AUDIT +SELINUX +IMA +APPARMOR +SMACK +SYSVINIT +UTMP +LIBCRYPTSETUP +GCRYPT +GNUTLS +ACL +XZ -LZ4 +SECCOMP +BLKID +ELFUTILS +KMOD -IDN)
[   49.485076] systemd[1]: Detected virtualization oracle.
[   49.485771] systemd[1]: Detected architecture x86-64.

Welcome to [1mUbuntu 16.04.1 LTS[0m!

[   49.663916] systemd[1]: Set hostname to <ubuntu>.
[   49.702556] random: nonblocking pool is initialized
[   00.124736] systemd[1]: Initializing machine ID from random generator.
[   50.274151] systemd[1]: Installed transient /etc/machine-id file.
[   50.737944] systemd[1]: Listening on Device-mapper event aaemon FIFOs.
[[0;32m  OK  [0m] Listening on Device-mapper event daemon FIFOs.
[   51.019743] systemd[1]: Listening on udev Kernel Socket.
[[0;32m  OK  [0m] Listening on udev Kernel Socket.
[   51.175696] systemd[1]: Reached target Encrypted Volumes.
[[0;32m  OK  [0m] Reached target Encrypted Volumes.
[   51.434820] systemd[1]: Created slice System Slice.
[[0;32m  OK  [0m] Created slice System Slice.
[   51.454241] systemd[1]: Reached target User and Group Name Lookups.
[[0;32m  OK  [0m] Reached target User and Group Name Lookups.
[   51.455717] systemd[1]: Listening on Syslog Socket.
[[0;32m  OK  [0m] Listening on Syslog Socket.
[   51.457059] systemd[1]: Listening on Journal Audit Socket.
[[0;32m  OK  [0m] Listening on Journal Audit Socket.
[   51.458372] systemd[1]: Listening on Journal Socket.
[[0;32m  OK  [0m] Listening on Journal Socket.
[   514487773] systemd[1]: Mounting Debug File System...
         Mounting Debug File System...
[   51.583747] systemd[1]: Starting Uncomplicated firewall...
         Starting Uncomplicated firewall...
[   51.615245] systemd[1]: Starting Create list of required static device nodes for the current kernel...
         Starting Create list of required st... nodes for the current kernel...
[   51.792624] systemd[1]: Created slice User and Session Slice.
[[0;32m  OK  [0m] Created slice User and Session Slice.
[   51.807770] systemd[1]: Starting Remount Root and Kernel File Systems..
[   51.810724] EXT4-fs (sda1): re-mounted. Opts: (null)
         Starting Remount Root and Kernel File Systems...
[   52.755776] systemd[1]: Reached target Swap.
[[0;32m  OK  [0m] Reached target Swap.
[   53.055606] systemd[1]: Listening on /de//nnitctl Compatibility Named Pipe.
[[0;32m  OK  [0m] Listening on /dev/initctl Compatibility Named Pipe.
[   53.407784] systemd[1]: Started Forward Password Requests to Wall Directory Watch.
[[0;32m  OK  [0m] Started Forward Password Requests to Wall Directory Watch.
[   53.542417] systemd[1]: Mounting Huge Pages File System...
         Mounting Huge Pages File System...
[   537719708] systemd[1]: Listening on udev Control Socket.
[[0;32m  OK  [0m] Listening on udev Control Socket.
[   54.107742] systemd[1]: Listening on LVM2 poll daemon socket.
[[0;32m  OK  [0m] Listening on LVM2 poll daemon socket.
[   54.243777] systemd[1]: Starting Load Kernel Modules...
         Startin[   54.424294] Loading iSCSI transport class v2.0-870.
g Load Kernel Modules...
[   54.555750] systemd[1]: Listening on Journal Socket (/dev/log).
[   54.733948] iscsi: registeredrapot cp)
[[0;32m  OK  [0m] Listening on Journal Socket (/dev/log).
[   55.011700] systemd[1]: Starting Journal Service...
         Starting Journal Service...
[   55.169433] systemd[1]: Set up automount Arbitrary Executable File Formats File System Automount Point.
[[0;32m  OK  [0m] Set up automount Arbitrary Executab...ats File System Automount Point.
[   55.181291] iscsi: registered transport (iser)
[   55.320502] systemd[1]: Starting Nameserver information manager...
         Starting Nameserver information manager...
[   55.619985] systemd[1]: Created slice system-seraal\x2dgetty.slice.
[[0;32m  OK  [0m] Created slice system-serial\x2dgetty.slice.
[   56.038747] systemd[1]: Reached target Slices.
[[0;32m  OK  [0m] Reached target Slices.
[   56.127778] systemd[1]: Listening on LVM2 metadata daemon socket.
[[0;32m  OK  [0m] Listening on LVM2 metadata daemon socket.
[   56.187732] systemd[1]: Starting Monitoring of LVM2 mirrors, snapshots etc. usnn  mmeventd or progress polling...
         Starting Monitoring of LVM2 mirrors... dmeventd or progress polling...
[   56.475694] systemd[1]: Mounting POSIX Message Queue File System...
         Mounting POSIX Message Queue File System...
[   56.667756] systemd[1]: Starting Set console keymap...
         Starting Set console keymap...
[   56.736087] systemd[1]: Mounted Debug File System.
[[0;32m  OK  [0m] Mounted Debug File System.
[   56.931810] systemd[1]: Mounted POSIX Message Queue File System.
[[0;32m  OK  [0m] Mounted POSIX Message Queue File System.
[   56.987740] systemd[1]: Mounted Huge Pages File System.
[[0;32m  OK  [0m] Mounted Huge Pages File System.
[   57.264759] systemd[1]: Started Journal Service.
[[0;32m  OK  [0m] Started Journal Service.
[[0;32m  OK  [0m] Started Uncomplicated firewall.
[[0;32m  OK  [0m] Started Create list of required sta...ce nodes for the current kernel.
[[0;32m  OK  [0m] Started Remount Root and Kernel File Systems.
[[0;32m  OK  [0m] Started Load Kernel Modules.
[[0;32m  OK  [0m] Started Set console keymap.
[[0;32m  OK  [0m] Started Nameserver information manager.
[[0;32m  OK  [0m] Started LVM2 metadata daemon.
         Starting Apply Kernel Variables...
         Mounting FUSE Control File System...
         Starting udev Coldplug all Devices...
         Starting Load/Save Random Seed...
         Starting Create Static Device Nodes in /dev...
         Starting Flush Journal to Persistent Storage...
[[0;32m  OK  [0m] Mounted FUSE Control File System.
[[0;32m  OK  [0m] Started Apply Kernel Variables.
[[0;32m  OK  [0m] Started Load/Save Random Seed.
[[0;32m  OK  [0m] Started Create Static Device Nodes in /dev.
[[0;32m  OK  [0m] Started udev Coldplug all Devices.
         Starting udev Kernel Device Manager...
[[0;32m  OK  [0m] Started Monitoring of LVM2 mirrors,...ng dmeventd or progress polling.
[[0;32m  OK  [0m] Started Flush Journal to Persistent Storage.
[[0;32m  OK  [0m] Started udev Kernel Device Manager.
[[0;32m  OK  [0m] Started Dispatch Password Requests to Console Directory Watch.
[[0;32m  OK  [0m] Reached target Local File Systems (Pre).
[[0;32m  OK  [0m] Reached target Local File Systems.
         Starting Tell Plymouth To Write Out Runtime Data...
         Starting Commit a transient machine-id on disk...
         Starting Create Volatile Files and Directories...
         Starting Run snappy firstboot setup...
         Starting Set console font and keymap...
         Starting LSB: AppArmor initialization...
         Starting Initial cloud-init job (pre-networking)...
[[0;32m  OK  [0m] Started Tell Plymouth To Write Out Runtime Data.
[[0;32m  OK  [0m] Started Commit a transient machine-id on disk.
[[0;32m  OK  [0m] Started Create Volatile Files and Directories.
[[0;32m  OK  [0m] Found device /dev/ttyS0.
[[0;32m  OK  [0m] Listening on Load/Save RF Kill Switch Status /dev/rfkill Watch.
         Starting Update UTMP about System Boot/Shutdown...
[[0;32m  OK  [0m] Reached target System Time Synchronized.
[[0;32m  OK  [0m] Started Update UTMP about System Boot/Shutdown.
[[0;32m  OK  [0m] Started Set console font and keymap.
[[0;32m  OK  [0m] Created slice system-getty.slice.
[[0;32m  OK  [0m] Started Run snappy firstboot setup.
[[0;32m  OK  [0m] Started LSB: AppArmor initialization.
[[0;32m  OK  [0m] Reached target System Initialization.
[[0;32m  OK  [0m] Started Daily apt activities.
[[0;32m  OK  [0m] Started Trigger resolvconf update for networkd DNS.
[[0;32m  OK  [0m] Listening on D-Bus System Message Bus Socket.
         Starting Socket activation for snappy daemon.
         Starting LXD - unix socket.
[[0;32m  OK  [0m] Started Daily Cleanup of Temporary Directories.
[[0;32m  OK  [0m] Started ACPI Events Check.
[[0;32m  OK  [0m] Reached target Paths.
[[0;32m  OK  [0m] Listening on UUID daemon activation socket.
[[0;32m  OK  [0m] Started Timer to automatically refresh installed snaps.
[[0;32m  OK  [0m] Reached target Timers.
[[0;32m  OK  [0m] Listening on ACPID Listen Socket.
[[0;32m  OK  [0m] Listening on Socket activation for snappy daemon.
[[0;32m  OK  [0m] Listening on LXD - unix socket.
[[0;32m  OK  [0m] Reached target Sockets.
[[0;32m  OK  [0m] Reached target Basic System.
[[0;32m  OK  [0m] Started Regular background program processing daemon.
         Starting System Logging Service...
         Starting Accounts Service...
         Starting Login Service...
[[0;32m  OK  [0m] Started FUSE filesystem for LXC.
[[0;32m  OK  [0m] Started D-Bus System Message Bus.
[[0;32m  OK  [0m] Started ACPI event daemon.
         Starting LSB: MD monitoring daemon...
         Starting LXD - container startup/shutdown...
         Starting LSB: Record successful boot for GRUB...
[[0;32m  OK  [0m] Started Deferred execution scheduler.
[[0;32m  OK  [0m] Started Snappy daemon.
[[0;32m  OK  [0m] Started System Logging Service.
[[0;32m  OK  [0m] Started Login Service.
         Starting Authenticate and Authorize Users to Run Privileged Tasks...
[[0;32m  OK  [0m] Started LSB: MD monitoring daemon.
[[0;32m  OK  [0m] Started LSB: Record successful boot for GRUB.
[[0;32m  OK  [0m] Started Authenticate and Authorize Users to Run Privileged Tasks.
[[0;32m  OK  [0m] Started Accounts Service.
[[0;32m  OK  [0m] Started LXD - container startup/shutdown.
[   46.998671] cloud-init[637]: Cloud-init v. 0.7.8 running 'init-local' at Wed, 26 Oct 2016 10:51:44 +0000. Up 46.63 seconds.
[[0;32m  OK  [0m] Started Initial cloud-init job (pre-networking).
[[0;32m  OK  [0m] Reached target Network (Pre).
         Starting Raise network interfaces...
[[0;32m  OK  [0m] Started Raise network interfaces.
         Starting Initial cloud-init job (metadata service crawler)...
[[0;32m  OK  [0m] Reached target Network.
[   48.548848] cloud-init[1015]: Cloud-init v. 0.7.8 running 'init' at Wed, 26 Oct 2016 10:51:45 +0000. Up 47.74 seconds.
[   48.624261] cloud-init[1015]: ci-info: +++++++++++++++++++++++++++++++++++++Net device info+++++++++++++++++++++++++++++++++++++
[   48.624593] cloud-init[1015]: ci-info: +--------+-------+--------------------------+---------------+-------+-------------------+
[[0;32m  OK  [0m] Started Initial cloud-init job (metadata service crawler).
[   48.624680] cloud-init[1015]: ci-info: | Device |   Up  |         Address          |      Mask     | Scope |     Hw-Address    |
[   48.835342] cloud-init[1015]: ci-info: +--------+-------+--------------------------+---------------+-------+-------------------+
[   48.835529] cloud-init[1015]: ci-info: | enp0s3 |  True |        10.0.2.15         | 255.255.255.0 |   .   | 02:48:0b:7c:0c:bf |
[[0;32m  OK  [0m] Reached target Network is Online.
[   48.835606] cloud-init[1015]: ci-info: | enp0s3 |  True | fe80::48:bff:fe7c:cbf/64 |       .       |  link | 02:48:0b:7c:0c:bf |
[   48.960259] cloud-init[1015]: ci-info: | enp0s8 | False |            .             |       .       |   .   | 08:00:27:0d:36:98 |
[   48.960456] cloud-init[1015]: ci-info: |   lo   |  True |        127.0.0.1         |   255.0.0.0   |   .   |         .         |
         Starting /etc/rc.local Compatibility...
[   48.960534] cloud-init[1015]: ci-info: |   lo   |  True |         ::1/128          |       .       |  host |         .         |
[   49.160228] cloud-init[1015]: ci-info: +--------+-------+--------------------------+---------------+-------+-------------------+
[   49.160459] cloud-init[1015]: ci-info: +++++++++++++++++++++++++++Route IPv4 info++++++++++++++++++++++++++++
         Starting iSCSI initiator daemon (iscsid)...
[   49.160554] cloud-init[1015]: ci-info: +-------+-------------+----------+---------------+-----------+-------+
[   49.276239] cloud-init[1015]: ci-info: | Route | Destination | Gateway  |    Genmask    | Interface | Flags |
[   49.276444] cloud-init[1015]: ci-info: +-------+-------------+----------+---------------+-----------+-------+
         Starting Pollinate to seed the pseudo random number generator...
[[   49.276519] cloud-init[1015]: ci-info: |   0   |   0.0.0.0   | 10.0.2.2 |    0.0.0.0    |   enp0s3  |   UG  |
[0;32m  OK  [0m] Reached target Cloud-config availability.
[   49.317610] cloud-init[1015]: ci-info: |   1   |   10.0.2.0  | 0.0.0.0  | 255.255.255.0 |   enp0s3  |   U   |
[   49.393301] cloud-init[1015]: ci-info: +-------+-------------+----------+---------------+-----------+-------+
[   49.393489] cloud-init[1015]: Generating public/private rsa key pair.
         Starting Apply the settings specified in cloud-config...
[   49.393570] cloud-init[1015]: Your identification has been saved in /etc/ssh/ssh_host_rsa_key.
[   49.441752] cloud-init[1015]: Your public key has been saved in /etc/ssh/ssh_host_rsa_key.pub.
[   49.441904] cloud-init[1015]: The key fingerprint is:
[   49.441980] cloud-init[1015]: SHA256:ZVKa/JbfBc7E7iWWKGdons/2VkM7KmPCs/KzgT8ZVKI root@ubuntu-xenial
[[0;32m  OK  [0m] Started /etc/rc.local Compatibility.
[   49.442096] cloud-init[1015]: The key's randomart image is:
[   49.472207] cloud-init[1015]: +---[RSA 2048]----+
[   49.479285] cloud-init[1015]: |          .      |
[   49.493584] cloud-init[1015]: |       . = . .   |
[   49.564099] cloud-init[1015]: |        * =   +  |
[   49.564282] cloud-init[1015]: |       E * o * + |
[   49.564596] cloud-init[1015]: |        S B + O +|
[[0;32m  OK  [0m] Started iSCSI initiator daemon (iscsid).
[   49.564701] cloud-init[1015]: |        .= * + B.|
[   49.589307] cloud-init[1015]: |       ...= . +.o|
[   49.589907] cloud-init[1015]: |       ..B.*...  |
[   49.640026] cloud-init[1015]: |        o=O.=o.  |
[   49.640209] cloud-init[1015]: +----[SHA256]-----+
         Starting Login to default iSCSI targets...
[   49.640286] cloud-init[1015]: Generating public/private dsa key pair.
[   49.683814] cloud-init[1015]: Your identification has been saved in /etc/ssh/ssh_host_dsa_key.
[   49.685090] cloud-init[1015]: Your public key has been saved in /etc/ssh/ssh_host_dsa_key.pub.
[   49.689467] cloud-init[1015]: The key fingerprint is:
[   49.722565] cloud-init[1015]: SHA256:118EVqFfmhPHLYlXtLiyvS+bRehPvcvIjcKM8VQ2PZ8 root@ubuntu-xenial
[   49.728258] cloud-init[1015]: The key's randomart image is:
[   49.750883] cloud-init[1015]: +---[DSA 1024]----+
[   49.772204] cloud-init[1015]: |              o+=|
[   49.804300] cloud-init[1015]: |             oo=o|
[[   49.840304] cloud-init[1015]: |            .o*.*|
[   49.840701] cloud-init[1015]: |           . =+X.|
[0;32m  OK  [0m[   49.840793] cloud-init[1015]: |        S ..+o=o=|
] Started Login to default iSCSI targets.
[   49.840855] cloud-init[1015]: |         o .=..Eo|
[   49.953015] [cloud-init[0;32m  OK  [0m[1015]: ] |          B. o.o.|Reached target Remote File Systems (Pre).

[[0;32m  OK  [0m] Reached target Remote File Systems.
[   49.953291] cloud-init[1015]: |         . =..@ .|
[   50.120855] cloud-init[1015]: |            .B+B.|
[   50.121013] cloud-init[1015]: +----[SHA256]-----+
         Starting Permit User Sessions...
[   50.121088] cloud-init[1015]: Generating public/private ecdsa key pair.
[   50.148604] cloud-init[1015]: Your identification has been saved in /etc/ssh/ssh_host_ecdsa_key.
[   50.162089] cloud-init[1015]: Your public key has been saved in /etc/ssh/ssh_host_ecdsa_key.pub.
[   50.162231] cloud-init[1015]: The key fingerprint is:
[   50.162309] cloud-init[1015]: SHA256:WC5hhLTttVKqvjr9KwQ7QON3ybviaD1oJ7QeWLCWvh0 root@ubuntu-xenial
[   50.162387] cloud-init[1015]: The key's randomart image is:
[   50.162468] cloud-init[1015]: +---[ECDSA 256]---+
[   50.162550] cloud-init[1015]: |   ....          |
[   50.162637] cloud-init[1015]: | o  .+           |
[   50.162711] cloud-init[1015]: |+ . o = +        |
[   50.162792] cloud-init[1015]: |.+o. * O .       |
[   50.162871] cloud-init[1015]: |.+oo. B S        |
[   50.162954] cloud-init[1015]: |+oo .o o         |
[   50.163033] cloud-init[1015]: |oo+E. .          |
[   50.163114] cloud-init[1015]: | ***+.           |
[   50.163197] cloud-init[1015]: |++===+o.         |
[   50.163275] cloud-init[1015]: +----[SHA256]-----+
[   50.163356] cloud-init[1015]: Generating public/private ed25519 key pair.
[   50.163439] cloud-init[1015]: Your identification has been saved in /etc/ssh/ssh_host_ed25519_key.
[   50.163528] cloud-init[1015]: Your public key has been saved in /etc/ssh/ssh_host_ed25519_key.pub.
         Starting LSB: Set the CPU Frequency Scaling governor to "ondemand"...
[   50.163658] cloud-init[1015]: The key fingerprint is:
[   50.569474] cloud-init[1015]: SHA256:vQQ6zD+XRDFrmWowp8oIb8/CPVE2HifgImbvhVo92fM root@ubuntu-xenial
[   50.569647] cloud-init[1015]: The key's randomart image is:
[   50.569726] cloud-init[1015]: +--[ED25519 256]--+
[   50.569807] cloud-init[1015]: |          o      |
[   50.569891] cloud-init[1015]: |    .      *     |
[   50.569980] cloud-init[1015]: |   . .o o *      |
[   50.570058] cloud-init[1015]: |.o. .o**.*       |
[   50.570148] cloud-init[1015]: |+...o+O=S +      |
         Starting LSB: VirtualBox Linux Additions...
[   50.570225] cloud-init[1015]: | o *.*.* o o     |
[   50.604235] cloud-init[1015]: | .B.+.. = +      |
[   50.604419] cloud-init[1015]: | oo+o    E       |
         Starting LSB: automatic crash report generation...
[   50.604491] cloud-init[1015]: |   .o.           |
[   50.669621] cloud-init[1015]: +----[SHA256]-----+
         Starting LSB: daemon to balance interrupts for SMP systems...
[   50.671040] cloud-init[1112]: Generating locales (this might take a while)...
[[0;32m  OK  [0m] Started Permit User Sessions.
[[0;32m  OK  [0m] Started LSB: Set the CPU Frequency Scaling governor to "ondemand".
         Starting Hold until boot process finishes up...
         Starting Terminate Plymouth Boot Screen...
[[0;32m  OK  [0m] Started Hold until boot process finishes up.
[[0;32m  OK  [0m] Started Getty on tty1.
[[0;32m  OK  [0m] Started Serial Getty on ttyS0.
[[0;32m  OK  [0m] Reached target Login Prompts.
         Starting Set console scheme...
[[0;32m  OK  [0m] Started Terminate Plymouth Boot Screen.
[[0;32m  OK  [0m] Started LSB: automatic crash report generation.
[[0;32m  OK  [0m] Started LSB: daemon to balance interrupts for SMP systems.
[[0;32m  OK  [0m] Started Set console scheme.
[   51.101612] cloud-init[1112]:   en_US.UTF-8... done
[   51.156950] cloud-init[1112]: Generation complete.
[[0;32m  OK  [0m] Started LSB: VirtualBox Linux Additions.
[[0;32m  OK  [0m] Stopped OpenBSD Secure Shell server.
         Starting OpenBSD Secure Shell server...
[[0;32m  OK  [0m] Started OpenBSD Secure Shell server.
[   52.968627] cloud-init[1112]: Cloud-init v. 0.7.8 running 'modules:config' at Wed, 26 Oct 2016 10:51:47 +0000. Up 49.64 seconds.
[[0;32m  OK  [0m] Started Apply the settings specified in cloud-config.
ci-info: no authorized ssh keys fingerprints found for user ubuntu.
<14>Oct 26 10:51:54 ec2: 
<14>Oct 26 10:51:54 ec2: #############################################################
<14>Oct 26 10:51:54 ec2: -----BEGIN SSH HOST KEY FINGERPRINTS-----
<14>Oct 26 10:51:54 ec2: 1024 SHA256:118EVqFfmhPHLYlXtLiyvS+bRehPvcvIjcKM8VQ2PZ8 root@ubuntu-xenial (DSA)
<14>Oct 26 10:51:54 ec2: 256 SHA256:WC5hhLTttVKqvjr9KwQ7QON3ybviaD1oJ7QeWLCWvh0 root@ubuntu-xenial (ECDSA)
<14>Oct 26 10:51:54 ec2: 256 SHA256:vQQ6zD+XRDFrmWowp8oIb8/CPVE2HifgImbvhVo92fM root@ubuntu-xenial (ED25519)
<14>Oct 26 10:51:54 ec2: 2048 SHA256:ZVKa/JbfBc7E7iWWKGdons/2VkM7KmPCs/KzgT8ZVKI root@ubuntu-xenial (RSA)
<14>Oct 26 10:51:54 ec2: -----END SSH HOST KEY FINGERPRINTS-----
<14>Oct 26 10:51:54 ec2: #############################################################
-----BEGIN SSH HOST KEY KEYS-----
ecdsa-sha2-nistp256 AAAAE2VjZHNhLXNoYTItbmlzdHAyNTYAAAAIbmlzdHAyNTYAAABBBNZ/DiWeqoscHwtbcYMLzOGaahDwRkRGTTTortZDFIaEuJWpIGhCKMuNeAiZoYZNnIp1ViZvOm2XUqDZWpD/YfQ= root@ubuntu-xenial
ssh-ed25519 AAAAC3NzaC1lZDI1NTE5AAAAIA/24KnOIZh2IuMXZXDmssU+sXkaIf4cYiIK0mnqqqqv root@ubuntu-xenial
ssh-rsa AAAAB3NzaC1yc2EAAAADAQABAAABAQDrbSkD/Z6XGPrT0JKBNYFJKFaBicsdF3FF9HILS7R29uaKeIM2YfdFWYCmb1VtMJTCGjH9jrm0d0nP02gHr7GHNNzFzEnTUayCHsrMb/MQYPDA+fnLLS3/E3FNCVUKXqUJ1g5s0x3i39i7Yg74VlBKRF2u8ubEXZu//drcWu4H8jRakrrruZqimAFm9hgiNe8KrirnWLy2RmM//G9AzfGEvqlxkRAqRZYsWiX+ejECAHoAbNJ9L1SDlxkCg0i/pnK1o1fQYAnxmZsDL7XcUSC3KGwoTRebJ503Ek3/0fTLEB3zBdn7Xg+mj3G0IPdEiy3OJ3yqqkQPzoe5UF6SeMB5 root@ubuntu-xenial
-----END SSH HOST KEY KEYS-----
[   56.738107] cloud-init[1331]: Cloud-init v. 0.7.8 running 'modules:final' at Wed, 26 Oct 2016 10:51:54 +0000. Up 56.56 seconds.
[   56.738198] cloud-init[1331]: ci-info: no authorized ssh keys fingerprints found for user ubuntu.
[   56.738267] cloud-init[1331]: Cloud-init v. 0.7.8 finished at Wed, 26 Oct 2016 10:51:54 +0000. Datasource DataSourceNoCloud [seed=/dev/sdb][dsmode=net].  Up 56.73 seconds

Ubuntu 16.04.1 LTS ubuntu-xenial ttyS0

ubuntu-xenial login: [[0;32m  OK  [0m] Stopped targe         Stopping LSB: VirtualBox Linux Additions...
[[0;32m  OK  [0m] Stopped Daily Cleanup of Temporary Directories.
         Stopping LSB: automatic crash report generation...
[[0;32m  OK  [0m] Stopped target Cloud-config availability.
         Stopping Regular background program processing daemon...
         Stopping User Manager for UID 1000...
[[0;32m  OK  [0m] Unmounted /var/lib/lxcfs.
[[0;32m  OK  [0m] Stopped Regular background program processing daemon.
[[0;32m  OK  [0m] Stopped System Logging Service.
[[0;32m  OK  [0m] Stopped Accounts Service.
[[0;32m  OK  [0m] Stopped ACPI event daemon.
[[0;32m  OK  [0m] Stopped Deferred execution scheduler.
[[0;32m  OK  [0m] Stopped Snappy daemon.
[[0;32m  OK  [0m] Stopped Authenticate[[0;32m  OK  [0m] Stoppeg         Stopping LSB: VirtualBox Linux Additions...
         Stopping LSB: MD monitoring daemon...
         Stopping LSB: Record successful b[[0;32m  OK  [0m] Closed Load/Save RF Kill Switch Status /dev/rfkill Watch.
         Sn         Stopping Getty on tty1...
         Stopping LXD - container startup/shutdown...
         Stopping LSB: Record successful boot for GRUB...
         Stopping Kubelet...
         Stopping Ubuntu FAN network setup...
         Stopping System Logging Service...
         Stopping LSB: Set the CPU Frequency Scaling governor to "ondemand"...
[[0;32m  OK  [0m] Stopped Apply the settings specified in cloud-config.
         Stopping Authenticate and Authorize Users to Run Privileged Tasks...
         Stopping Session 6 of user ubuntu.
         Stopping Regular background program processing daemon...
[[0;32m  OK  [0m] Stopped target Cloud-config availability.
         Stopping User Manager for UID 10[[0;32m  OK  [0m] Stopped target Cloud-init t          Stopping LSB: automatic crash report generation...
         Stopping LSB: Set the CPU Frequency Scaling governor to "ondemand"...
         Stopping FUSE filesystem for LXC...
         Stopping etcd - highly-available key value store...
         Stopping LXD - container startup/shutdown...
         Stopping User Manager for UID 1000...
         Stopping ACPI event daemon...
[[0;32m  OK  [0m] Stopped Daily apt activities.
[[0;32m  OK  [0m] Stopped target System Time Synchronized.
[[0;32m  OK  [0m] Unmounted /var/lib/lxcfs.
[[0;32m  OK  [0m] Stopped Regular background program processing daemon.
[[0;32m  OK  [0m] Stopped ACPI event daemon.
[[0;32m  OK  [0m] Stopped Deferred execution scheduler.
[[0;32m  OK  [0m] Stopped System Logging Service.
[[0;32m  OK  [0m] Stopped Accounts Service.
[[0;32m  OK  [0m] Stopped Snappy daemon.
[[0;32m  OK  [0m] Stopped Authenticate and Authorize Users to Run Privileged Tasks.
[[0;32m  OK  [0m] Stopped OpenBSD Secure Shell server.
[[0;32m  OK  [0m] Stopped Getty on tty1.
[[0;32m  OK  [0m] Stopped Serial Getty on ttyS0.
[[0;32m  OK  [0m] Stopped etcd - highly-available key value store.
[[0;32m  OK  [0m] Stopped Kubelet.
[[0;32m  OK  [0m] Stopped User Manager for UID 1000.
[[0;32m  OK  [0m] Started Unattended Upgrades Shutdown.
[[0;32m  OK  [0m] Stopped Session 5 of user ubuntu.
[[0;32m  OK  [0m] Stopped LSB: Set up cgroupfs mounts..
[[0;32m  OK  [0m] Stopped Ubuntu FAN network setup.
[[0;32m  OK  [0m] Stopped D-Bus System Message Bus.
[[0;32m  OK  [0m] Stopped FUSE filesystem for LXC.
[[0;32m  OK  [0m] Stopped LXD - container startup/shutdown.
[[0;32m  OK  [0m] Stopped LSB: Record successful boot for GRUB.
[[0;32m  OK  [0m] Stopped LSB: MD monitoring daemon.
[[0;32m  OK  [0m] Stopped LSB: daemon to balance interrupts for SMP systems.
[[0;32m  OK  [0m] Stopped LSB: VirtualBox Linux Additions.
[[0;32m  OK  [0m] Stopped LSB: automatic crash report generation.
[[0;32m  OK  [0m] Stopped LSB: Set the CPU Frequency Scaling governor to "ondemand".
[[0;32m  OK  [0m] Removed slice User Slice of ubuntu.
         Stopping Login Service...
         Stopping Docker Application Container Engine...
[[0;32m  OK  [0m] Removed slice system-serial\x2dgetty.slice.
[[0;32m  OK  [0m] Removed slice system-getty.slice.
[[0;32m  OK  [0m] Stopped /etc/rc.local Compatibility.
         Stopping Permit User Sessions...
[[0;32m  OK  [0m] Unmounted /var/lib/docker/overlay/5...08a4fc25a9603f66042d65ce/merged.
[[0;32m  OK  [0m] Unmounted /var/lib/docker/overlay/1...8238cdcb777dc81a9c7b6598/merged.
[[0;32m  OK  [0m] Unmounted /var/lib/docker/overlay/7...028961bc815973f895c59116/merged.
[[0;32m  OK  [0m] Unmounted /var/lib/docker/overlay/9...87463fded5a79cba722c1935/merged.
[[0;32m  OK  [0m] Unmounted /var/lib/docker/container...7eef621ab23a3996f0483f90838/shm.
[[0;32m  OK  [0m] Unmounted /var/lib/docker/container...86f9013e21eea721483fdf8037e/shm.
[[0;32m  OK  [0m] Unmounted /var/lib/docker/container...8bbd4c1c52013d6cdea55fd7274/shm.
[[0;32m  OK  [0m] Unmounted /var/lib/docker/container...4433df0f345e4d72cdd2963d26d/shm.
[[0;32m  OK  [0m] Unmounted /var/lib/docker/overlay/5...6dcf5d7e9ae36e3d6a32854d/merged.
[[0;32m  OK  [0m] Unmounted /var/lib/docker/overlay/0...c38dce6e0fa84866334c6daa/merged.
[[0;32m  OK  [0m] Unmounted /var/lib/docker/overlay/c...ec74cf92dde1424b4f2b2d5c/merged.
[[0;32m  OK  [0m] Unmounted /var/lib/docker/overlay/9...57a5e25bf9bcd833bc0b4b2f/merged.
[[0;32m  OK  [0m] Unmounted /var/lib/docker/overlay.
[[0;32m  OK  [0m] Stopped Login Service.
[[0;32m  OK  [0m] Stopped Permit User Sessions.
[[0;32m  OK  [0m] Stopped target Remote File Systems.
[[0;32m  OK  [0m] Stopped target Remote File Systems (Pre).
         Stopping Login to default iSCSI targets...
[[0;32m  OK  [0m] Stopped target User and Group Name Lookups.
[[0;32m  OK  [0m] Stopped Docker Application Container Engine.
         Stopping Flannel...
[[0;32m  OK  [0m] Stopped Flannel.
[[0;32m  OK  [0m] Stopped Login to default iSCSI targets.
         Stopping iSCSI initiator daemon (iscsid)...
[[0;32m  OK  [0m] Stopped iSCSI initiator daemon (iscsid).
[[0;32m  OK  [0m] Stopped target Network is Online.
[[0;32m  OK  [0m] Stopped Initial cloud-init job (metadata service crawler).
[[0;32m  OK  [0m] Stopped target Basic System.
[[0;32m  OK  [0m] Stopped target Sockets.
[[0;32m  OK  [0m] Closed Syslog Socket.
[[0;32m  OK  [0m] Closed LXD - unix socket.
[[0;32m  OK  [0m] Closed UUID daemon activation socket.
[[0;32m  OK  [0m] Closed D-Bus System Message Bus Socket.
[[0;32m  OK  [0m] Closed ACPID Listen Socket.
[[0;32m  OK  [0m] Closed Socket activation for snappy daemon.
[[0;32m  OK  [0m] Closed Docker Socket for the API.
[[0;32m  OK  [0m] Stopped target Paths.
[[0;32m  OK  [0m] Stopped Forward Password Requests to Wall Directory Watch.
[[0;32m  OK  [0m] Stopped ACPI Events Check.
[[0;32m  OK  [0m] Stopped Dispatch Password Requests to Console Directory Watch.
[[0;32m  OK  [0m] Stopped Trigger resolvconf update for networkd DNS.
[[0;32m  OK  [0m] Stopped target Slices.
[[0;32m  OK  [0m] Removed slice User and Session Slice.
[[0;32m  OK  [0m] Stopped target System Initialization.
         Stopping Load/Save Random Seed...
[[0;32m  OK  [0m] Stopped target Swap.
[[0;32m  OK  [0m] Stopped target Encrypted Volumes.
         Stopping Update UTMP about System Boot/Shutdown...
[[0;32m  OK  [0m] Stopped Commit a transient machine-id on disk.
[[0;32m  OK  [0m] Stopped target Network.
         Stopping Raise network interfaces...
[[0;32m  OK  [0m] Stopped Load/Save Random Seed.
[[0;32m  OK  [0m] Stopped Update UTMP about System Boot/Shutdown.
[[0;32m  OK  [0m] Stopped Create Volatile Files and Directories.
[[0;32m  OK  [0m] Stopped Raise network interfaces.
[[0;32m  OK  [0m] Stopped target Network (Pre).
[[0;32m  OK  [0m] Stopped Initial cloud-init job (pre-networking).
[[0;32m  OK  [0m] Stopped Apply Kernel Variables.
[[0;32m  OK  [0m] Stopped target Local File Systems.
         Unmounting /etc/kubernetes/shared...
         Unmounting /vagrant...
         Unmounting /run/docker/netns/default...
         Unmounting /run/user/1000...
[[0;32m  OK  [0m] Stopped Load Kernel Modules.
[[0;32m  OK  [0m] Unmounted /etc/kubernetes/shared.
[[0;32m  OK  [0m] Unmounted /vagrant.
[[0;32m  OK  [0m] Unmounted /run/docker/netns/default.
[[0;32m  OK  [0m] Unmounted /run/user/1000.
[[0;32m  OK  [0m] Reached target Unmount All Filesystems.
[[0;32m  OK  [0m] Stopped target Local File Systems (Pre).
         Stopping Monitoring of LVM2 mirrors... dmeventd or progress polling...
[[0;32m  OK  [0m] Stopped Create Static Device Nodes in /dev.
[[0;32m  OK  [0m] Stopped Remount Root and Kernel File Systems.
[[0;32m  OK  [0m] Reached target Shutdown.
[ 1610.728337] reboot: Power down
